root@DESKTOP-AUNNGJL:~/crdb# ansible-playbook site.yml

PLAY [1. PG: install and setting] ******************************************************************************************************************************************************************************************************************************************************

TASK [Gathering Facts] *****************************************************************************************************************************************************************************************************************************************************************
ok: [pg-source]

TASK [Install prerequisites] ***********************************************************************************************************************************************************************************************************************************************************
changed: [pg-source]

TASK [Add PGDG key] ********************************************************************************************************************************************************************************************************************************************************************
changed: [pg-source]

TASK [Add PGDG repository] *************************************************************************************************************************************************************************************************************************************************************
changed: [pg-source]

TASK [Install PostgreSQL 18] ***********************************************************************************************************************************************************************************************************************************************************
changed: [pg-source]

TASK [Render fast-load postgresql.auto.conf] *******************************************************************************************************************************************************************************************************************************************
changed: [pg-source]

TASK [Restart PostgreSQL with fast config] *********************************************************************************************************************************************************************************************************************************************
changed: [pg-source]

TASK [Create work directories] *********************************************************************************************************************************************************************************************************************************************************
changed: [pg-source] => (item=/var/bench)
changed: [pg-source] => (item=/var/bench/results)

TASK [Create data directory (owned by postgres)] ***************************************************************************************************************************************************************************************************************************************
changed: [pg-source]

TASK [Render PG schema] ****************************************************************************************************************************************************************************************************************************************************************
changed: [pg-source]

TASK [Create table chicago_taxi] *******************************************************************************************************************************************************************************************************************************************************
changed: [pg-source]

PLAY [2. PG: generation data] **********************************************************************************************************************************************************************************************************************************************************

TASK [Gathering Facts] *****************************************************************************************************************************************************************************************************************************************************************
ok: [pg-source]

TASK [Generate rows via INSERT ... SELECT generate_series] *****************************************************************************************************************************************************************************************************************************
ASYNC POLL on pg-source: jid=j915536339152.5076 started=1 finished=0
ASYNC POLL on pg-source: jid=j915536339152.5076 started=1 finished=0
ASYNC POLL on pg-source: jid=j915536339152.5076 started=1 finished=0
ASYNC POLL on pg-source: jid=j915536339152.5076 started=1 finished=0
ASYNC POLL on pg-source: jid=j915536339152.5076 started=1 finished=0
ASYNC POLL on pg-source: jid=j915536339152.5076 started=1 finished=0
ASYNC POLL on pg-source: jid=j915536339152.5076 started=1 finished=0
ASYNC POLL on pg-source: jid=j915536339152.5076 started=1 finished=0
ASYNC POLL on pg-source: jid=j915536339152.5076 started=1 finished=0
ASYNC POLL on pg-source: jid=j915536339152.5076 started=1 finished=0
ASYNC POLL on pg-source: jid=j915536339152.5076 started=1 finished=0
ASYNC POLL on pg-source: jid=j915536339152.5076 started=1 finished=0
ASYNC POLL on pg-source: jid=j915536339152.5076 started=1 finished=0
ASYNC POLL on pg-source: jid=j915536339152.5076 started=1 finished=0
ASYNC POLL on pg-source: jid=j915536339152.5076 started=1 finished=0
ASYNC POLL on pg-source: jid=j915536339152.5076 started=1 finished=0
ASYNC POLL on pg-source: jid=j915536339152.5076 started=1 finished=0
ASYNC POLL on pg-source: jid=j915536339152.5076 started=1 finished=0
ASYNC POLL on pg-source: jid=j915536339152.5076 started=1 finished=0
ASYNC POLL on pg-source: jid=j915536339152.5076 started=1 finished=0
ASYNC POLL on pg-source: jid=j915536339152.5076 started=1 finished=0
ASYNC POLL on pg-source: jid=j915536339152.5076 started=1 finished=0
ASYNC POLL on pg-source: jid=j915536339152.5076 started=1 finished=0
ASYNC POLL on pg-source: jid=j915536339152.5076 started=1 finished=0
ASYNC POLL on pg-source: jid=j915536339152.5076 started=1 finished=0
ASYNC POLL on pg-source: jid=j915536339152.5076 started=1 finished=0
ASYNC POLL on pg-source: jid=j915536339152.5076 started=1 finished=0
ASYNC POLL on pg-source: jid=j915536339152.5076 started=1 finished=0
ASYNC POLL on pg-source: jid=j915536339152.5076 started=1 finished=0
ASYNC POLL on pg-source: jid=j915536339152.5076 started=1 finished=0
ASYNC POLL on pg-source: jid=j915536339152.5076 started=1 finished=0
ASYNC POLL on pg-source: jid=j915536339152.5076 started=1 finished=0
ASYNC POLL on pg-source: jid=j915536339152.5076 started=1 finished=0
ASYNC POLL on pg-source: jid=j915536339152.5076 started=1 finished=0
ASYNC POLL on pg-source: jid=j915536339152.5076 started=1 finished=0
ASYNC POLL on pg-source: jid=j915536339152.5076 started=1 finished=0
ASYNC POLL on pg-source: jid=j915536339152.5076 started=1 finished=0
ASYNC POLL on pg-source: jid=j915536339152.5076 started=1 finished=0
ASYNC POLL on pg-source: jid=j915536339152.5076 started=1 finished=0
ASYNC POLL on pg-source: jid=j915536339152.5076 started=1 finished=0
ASYNC OK on pg-source: jid=j915536339152.5076
changed: [pg-source]

TASK [VACUUM ANALYZE + indexes] ********************************************************************************************************************************************************************************************************************************************************
ASYNC POLL on pg-source: jid=j941764663929.5641 started=1 finished=0
ASYNC POLL on pg-source: jid=j941764663929.5641 started=1 finished=0
ASYNC POLL on pg-source: jid=j941764663929.5641 started=1 finished=0
ASYNC POLL on pg-source: jid=j941764663929.5641 started=1 finished=0
ASYNC POLL on pg-source: jid=j941764663929.5641 started=1 finished=0
ASYNC POLL on pg-source: jid=j941764663929.5641 started=1 finished=0
ASYNC POLL on pg-source: jid=j941764663929.5641 started=1 finished=0
ASYNC POLL on pg-source: jid=j941764663929.5641 started=1 finished=0
ASYNC POLL on pg-source: jid=j941764663929.5641 started=1 finished=0
ASYNC POLL on pg-source: jid=j941764663929.5641 started=1 finished=0
ASYNC POLL on pg-source: jid=j941764663929.5641 started=1 finished=0
ASYNC POLL on pg-source: jid=j941764663929.5641 started=1 finished=0
ASYNC POLL on pg-source: jid=j941764663929.5641 started=1 finished=0
ASYNC POLL on pg-source: jid=j941764663929.5641 started=1 finished=0
ASYNC POLL on pg-source: jid=j941764663929.5641 started=1 finished=0
ASYNC POLL on pg-source: jid=j941764663929.5641 started=1 finished=0
ASYNC POLL on pg-source: jid=j941764663929.5641 started=1 finished=0
ASYNC POLL on pg-source: jid=j941764663929.5641 started=1 finished=0
ASYNC POLL on pg-source: jid=j941764663929.5641 started=1 finished=0
ASYNC POLL on pg-source: jid=j941764663929.5641 started=1 finished=0
ASYNC POLL on pg-source: jid=j941764663929.5641 started=1 finished=0
ASYNC POLL on pg-source: jid=j941764663929.5641 started=1 finished=0
ASYNC POLL on pg-source: jid=j941764663929.5641 started=1 finished=0
ASYNC POLL on pg-source: jid=j941764663929.5641 started=1 finished=0
ASYNC POLL on pg-source: jid=j941764663929.5641 started=1 finished=0
ASYNC POLL on pg-source: jid=j941764663929.5641 started=1 finished=0
ASYNC POLL on pg-source: jid=j941764663929.5641 started=1 finished=0
ASYNC POLL on pg-source: jid=j941764663929.5641 started=1 finished=0
ASYNC POLL on pg-source: jid=j941764663929.5641 started=1 finished=0
ASYNC POLL on pg-source: jid=j941764663929.5641 started=1 finished=0
ASYNC POLL on pg-source: jid=j941764663929.5641 started=1 finished=0
ASYNC POLL on pg-source: jid=j941764663929.5641 started=1 finished=0

ASYNC OK on pg-source: jid=j941764663929.5641
changed: [pg-source]

TASK [Row count and table size] ********************************************************************************************************************************************************************************************************************************************************
ok: [pg-source]

TASK [Print PG info] *******************************************************************************************************************************************************************************************************************************************************************
ok: [pg-source] => {
    "msg": [
        "40000000",
        "8384 MB"
    ]
}

PLAY [3. PG: восстановление рабочего конфига] ******************************************************************************************************************************************************************************************************************************************

TASK [Gathering Facts] *****************************************************************************************************************************************************************************************************************************************************************
ok: [pg-source]

TASK [Render run postgresql.auto.conf] *************************************************************************************************************************************************************************************************************************************************
changed: [pg-source]

TASK [Restart PostgreSQL] **************************************************************************************************************************************************************************************************************************************************************
changed: [pg-source]

PLAY [4. PG: бенчмарк] *****************************************************************************************************************************************************************************************************************************************************************

TASK [Gathering Facts] *****************************************************************************************************************************************************************************************************************************************************************
ok: [pg-source]

TASK [Q1 - random row] *****************************************************************************************************************************************************************************************************************************************************************
ok: [pg-source]

TASK [Q2 - week range] *****************************************************************************************************************************************************************************************************************************************************************
ok: [pg-source]

TASK [Q3 - count(*)] *******************************************************************************************************************************************************************************************************************************************************************
ok: [pg-source]

PLAY [5. PG: migration] ****************************************************************************************************************************************************************************************************************************************************************

TASK [Gathering Facts] *****************************************************************************************************************************************************************************************************************************************************************
ok: [pg-source]

TASK [Dump schema] *********************************************************************************************************************************************************************************************************************************************************************
ok: [pg-source]

TASK [Export CSV for CRDB IMPORT] ******************************************************************************************************************************************************************************************************************************************************
ASYNC POLL on pg-source: jid=j395769821620.6676 started=1 finished=0
ASYNC POLL on pg-source: jid=j395769821620.6676 started=1 finished=0
ASYNC POLL on pg-source: jid=j395769821620.6676 started=1 finished=0
ASYNC POLL on pg-source: jid=j395769821620.6676 started=1 finished=0
ASYNC POLL on pg-source: jid=j395769821620.6676 started=1 finished=0
ASYNC POLL on pg-source: jid=j395769821620.6676 started=1 finished=0
ASYNC POLL on pg-source: jid=j395769821620.6676 started=1 finished=0
ASYNC POLL on pg-source: jid=j395769821620.6676 started=1 finished=0
ASYNC POLL on pg-source: jid=j395769821620.6676 started=1 finished=0
ASYNC POLL on pg-source: jid=j395769821620.6676 started=1 finished=0
ASYNC POLL on pg-source: jid=j395769821620.6676 started=1 finished=0
ASYNC POLL on pg-source: jid=j395769821620.6676 started=1 finished=0
ASYNC POLL on pg-source: jid=j395769821620.6676 started=1 finished=0
ASYNC POLL on pg-source: jid=j395769821620.6676 started=1 finished=0
ASYNC POLL on pg-source: jid=j395769821620.6676 started=1 finished=0
ASYNC POLL on pg-source: jid=j395769821620.6676 started=1 finished=0
ASYNC POLL on pg-source: jid=j395769821620.6676 started=1 finished=0
ASYNC POLL on pg-source: jid=j395769821620.6676 started=1 finished=0
ASYNC POLL on pg-source: jid=j395769821620.6676 started=1 finished=0
ASYNC POLL on pg-source: jid=j395769821620.6676 started=1 finished=0
ASYNC POLL on pg-source: jid=j395769821620.6676 started=1 finished=0
ASYNC POLL on pg-source: jid=j395769821620.6676 started=1 finished=0
ASYNC POLL on pg-source: jid=j395769821620.6676 started=1 finished=0
ASYNC POLL on pg-source: jid=j395769821620.6676 started=1 finished=0
ASYNC POLL on pg-source: jid=j395769821620.6676 started=1 finished=0
ASYNC POLL on pg-source: jid=j395769821620.6676 started=1 finished=0
ASYNC POLL on pg-source: jid=j395769821620.6676 started=1 finished=0
ASYNC POLL on pg-source: jid=j395769821620.6676 started=1 finished=0
ASYNC OK on pg-source: jid=j395769821620.6676
changed: [pg-source]

TASK [CSV size] ************************************************************************************************************************************************************************************************************************************************************************
ok: [pg-source]

TASK [Print CSV size] ******************************************************************************************************************************************************************************************************************************************************************
ok: [pg-source] => {
    "msg": "6.2G\t/var/bench/data/chicago_taxi_migrate.csv"
}

TASK [Serve CSV over HTTP] *************************************************************************************************************************************************************************************************************************************************************
fatal: [pg-source]: FAILED! => {"changed": false, "cmd": "pkill -f \"http.server 8000\" 2>/dev/null || true\nnohup python3 -m http.server 8000 --directory /var/bench/data > /var/log/csv_http.log 2>&1 &\n", "delta": "0:00:00.017562", "end": "2026-08-29 13:22:48.746147", "msg": "non-zero return code", "rc": -15, "start": "2026-08-29 13:22:48.728585", "stderr": "", "stderr_lines": [], "stdout": "", "stdout_lines": []}

PLAY RECAP *****************************************************************************************************************************************************************************************************************************************************************************
pg-source                  : ok=28   changed=15   unreachable=0    failed=1    skipped=0    rescued=0    ignored=0

root@DESKTOP-AUNNGJL:~/crdb#
root@DESKTOP-AUNNGJL:~/crdb# nano site.yml
root@DESKTOP-AUNNGJL:~/crdb# sed -i 's/pkill -f "http.server/pkill -f "[h]ttp.server/g' site.yml
grep -n "pkill" site.yml
223:        pkill -f "[h]ttp.server 8000" 2>/dev/null || true
298:        pkill -9 cockroach 2>/dev/null || true
root@DESKTOP-AUNNGJL:~/crdb# ansible-playbook site.yml --start-at-task 'Serve CSV over HTTP'

PLAY [1. PG: install and setting] ******************************************************************************************************************************************************************************************************************************************************

PLAY [2. PG: generation data] **********************************************************************************************************************************************************************************************************************************************************

PLAY [3. PG: восстановление рабочего конфига] ******************************************************************************************************************************************************************************************************************************************

PLAY [4. PG: бенчмарк] *****************************************************************************************************************************************************************************************************************************************************************

PLAY [5. PG: migration] ****************************************************************************************************************************************************************************************************************************************************************

TASK [Gathering Facts] *****************************************************************************************************************************************************************************************************************************************************************
ok: [pg-source]

TASK [Serve CSV over HTTP] *************************************************************************************************************************************************************************************************************************************************************
fatal: [pg-source]: FAILED! => {"changed": false, "cmd": "pkill -f \"[h]ttp.server 8000\" 2>/dev/null || true\nnohup python3 -m http.server 8000 --directory /var/bench/data > /var/log/csv_http.log 2>&1 &\n", "delta": "0:00:00.007380", "end": "2026-08-29 13:26:20.113307", "msg": "non-zero return code", "rc": -15, "start": "2026-08-29 13:26:20.105927", "stderr": "", "stderr_lines": [], "stdout": "", "stdout_lines": []}

PLAY RECAP *****************************************************************************************************************************************************************************************************************************************************************************
pg-source                  : ok=1    changed=0    unreachable=0    failed=1    skipped=0    rescued=0    ignored=0

root@DESKTOP-AUNNGJL:~/crdb# sed -i '/pkill -f "\[h\]ttp.server 8000"/,/changed_when: false/c\
    - name: Serve CSV over HTTP\
      ansible.builtin.shell: |\
        nohup python3 -m http.server 8000 --directory {{ data_dir }} > /var/log/csv_http.log 2>\&1 \&\
      changed_when: false\
      failed_when: false' site.yml
root@DESKTOP-AUNNGJL:~/crdb# ansible-playbook site.yml --start-at-task 'Serve CSV over HTTP'

PLAY [1. PG: install and setting] ******************************************************************************************************************************************************************************************************************************************************

PLAY [2. PG: generation data] **********************************************************************************************************************************************************************************************************************************************************

PLAY [3. PG: восстановление рабочего конфига] ******************************************************************************************************************************************************************************************************************************************

PLAY [4. PG: бенчмарк] *****************************************************************************************************************************************************************************************************************************************************************

PLAY [5. PG: migration] ****************************************************************************************************************************************************************************************************************************************************************

TASK [Gathering Facts] *****************************************************************************************************************************************************************************************************************************************************************
ok: [pg-source]

TASK [Serve CSV over HTTP] *************************************************************************************************************************************************************************************************************************************************************
fatal: [pg-source]: FAILED! => {"changed": false, "cmd": null, "delta": null, "end": null, "msg": "no command given", "rc": 256, "start": null, "stderr": "", "stderr_lines": [], "stdout": "", "stdout_lines": []}

PLAY RECAP *****************************************************************************************************************************************************************************************************************************************************************************
pg-source                  : ok=1    changed=0    unreachable=0    failed=1    skipped=0    rescued=0    ignored=0

root@DESKTOP-AUNNGJL:~/crdb# nano site.yml
root@DESKTOP-AUNNGJL:~/crdb# ansible-playbook site.yml --start-at-task 'Serve CSV over HTTP'

PLAY [1. PG: install and setting] ******************************************************************************************************************************************************************************************************************************************************

PLAY [2. PG: generation data] **********************************************************************************************************************************************************************************************************************************************************

PLAY [3. PG: восстановление рабочего конфига] ******************************************************************************************************************************************************************************************************************************************

PLAY [4. PG: бенчмарк] *****************************************************************************************************************************************************************************************************************************************************************

PLAY [5. PG: migration] ****************************************************************************************************************************************************************************************************************************************************************

TASK [Gathering Facts] *****************************************************************************************************************************************************************************************************************************************************************
ok: [pg-source]

TASK [Serve CSV over HTTP] *************************************************************************************************************************************************************************************************************************************************************
ok: [pg-source]

PLAY [6. CRDB: install] ****************************************************************************************************************************************************************************************************************************************************************

TASK [Gathering Facts] *****************************************************************************************************************************************************************************************************************************************************************
ok: [crdb-03]
ok: [crdb-01]
ok: [crdb-02]

TASK [Install prerequisites] ***********************************************************************************************************************************************************************************************************************************************************
changed: [crdb-02]
changed: [crdb-01]
changed: [crdb-03]

TASK [Clean old cockroach.tgz on nodes] ************************************************************************************************************************************************************************************************************************************************
ok: [crdb-03]
ok: [crdb-01]
ok: [crdb-02]

TASK [Upload CockroachDB tarball from local machine] ***********************************************************************************************************************************************************************************************************************************
changed: [crdb-03]
changed: [crdb-02]
changed: [crdb-01]

TASK [Unpack CockroachDB to /opt] ******************************************************************************************************************************************************************************************************************************************************
changed: [crdb-01]
changed: [crdb-02]
changed: [crdb-03]

TASK [Create symlink to /usr/local/bin] ************************************************************************************************************************************************************************************************************************************************
changed: [crdb-03]
changed: [crdb-01]
changed: [crdb-02]

TASK [Verify cockroach binary] *********************************************************************************************************************************************************************************************************************************************************
ok: [crdb-03]
ok: [crdb-01]
ok: [crdb-02]

TASK [Print CockroachDB version] *******************************************************************************************************************************************************************************************************************************************************
ok: [crdb-01] => {
    "msg": "Build Tag:        v26.2.0"
}
ok: [crdb-02] => {
    "msg": "Build Tag:        v26.2.0"
}
ok: [crdb-03] => {
    "msg": "Build Tag:        v26.2.0"
}

TASK [Create data dir] *****************************************************************************************************************************************************************************************************************************************************************
changed: [crdb-03]
changed: [crdb-01]
changed: [crdb-02]

TASK [Render systemd unit (locality = regions)] ****************************************************************************************************************************************************************************************************************************************
changed: [crdb-03]
changed: [crdb-01]
changed: [crdb-02]

TASK [Stop and clean old state (fresh start)] ******************************************************************************************************************************************************************************************************************************************
changed: [crdb-03]
changed: [crdb-01]
changed: [crdb-02]

TASK [Start CockroachDB] ***************************************************************************************************************************************************************************************************************************************************************
changed: [crdb-03]
changed: [crdb-01]
changed: [crdb-02]

PLAY [7. CRDB: initialization] *********************************************************************************************************************************************************************************************************************************************************

TASK [Gathering Facts] *****************************************************************************************************************************************************************************************************************************************************************
ok: [crdb-01]

TASK [Wait for SQL port] ***************************************************************************************************************************************************************************************************************************************************************
ok: [crdb-01]

TASK [cockroach init (idempotent, v26 uses --host)] ************************************************************************************************************************************************************************************************************************************
ok: [crdb-01]

TASK [Wait until SQL responds] *********************************************************************************************************************************************************************************************************************************************************
ok: [crdb-01]

TASK [Node status] *********************************************************************************************************************************************************************************************************************************************************************
ok: [crdb-01]

TASK [Print node status] ***************************************************************************************************************************************************************************************************************************************************************
ok: [crdb-01] => {
    "msg": [
        "id\taddress\tsql_address\tbuild\tstarted_at\tupdated_at\tlocality\tattrs\tis_available\tis_live",
        "1\t10.1.0.25:26257\t10.1.0.25:26257\tv26.2.0\t2026-08-29 13:29:11.465793 +0000 UTC\t2026-08-29 13:29:11.561003 +0000 UTC\tregion=us-east\t[]\ttrue\ttrue",
        "2\t10.1.1.34:26257\t10.1.1.34:26257\tv26.2.0\t2026-08-29 13:29:11.895256 +0000 UTC\t2026-08-29 13:29:11.984145 +0000 UTC\tregion=us-central\t[]\ttrue\ttrue",
        "3\t10.1.2.27:26257\t10.1.2.27:26257\tv26.2.0\t2026-08-29 13:29:13.012664 +0000 UTC\t2026-08-29 13:29:13.120196 +0000 UTC\tregion=eu-moscow\t[]\ttrue\ttrue"
    ]
}

TASK [Apply CRDB schema] ***************************************************************************************************************************************************************************************************************************************************************
changed: [crdb-01]

TASK [Create table in CRDB] ************************************************************************************************************************************************************************************************************************************************************
changed: [crdb-01]

PLAY [8. CRDB: migration data] *********************************************************************************************************************************************************************************************************************************************************

TASK [Gathering Facts] *****************************************************************************************************************************************************************************************************************************************************************
ok: [crdb-01]

TASK [Ensure HTTP server with CSV is running on pg-source] *****************************************************************************************************************************************************************************************************************************
ok: [crdb-01 -> pg-source(84.201.135.237)]

TASK [IMPORT INTO chicago_taxi] ********************************************************************************************************************************************************************************************************************************************************
ASYNC POLL on crdb-01: jid=j146257604230.3049 started=1 finished=0
ASYNC POLL on crdb-01: jid=j146257604230.3049 started=1 finished=0
ASYNC POLL on crdb-01: jid=j146257604230.3049 started=1 finished=0
ASYNC POLL on crdb-01: jid=j146257604230.3049 started=1 finished=0
ASYNC POLL on crdb-01: jid=j146257604230.3049 started=1 finished=0
ASYNC POLL on crdb-01: jid=j146257604230.3049 started=1 finished=0
ASYNC POLL on crdb-01: jid=j146257604230.3049 started=1 finished=0
ASYNC POLL on crdb-01: jid=j146257604230.3049 started=1 finished=0
ASYNC POLL on crdb-01: jid=j146257604230.3049 started=1 finished=0
ASYNC POLL on crdb-01: jid=j146257604230.3049 started=1 finished=0
ASYNC POLL on crdb-01: jid=j146257604230.3049 started=1 finished=0
ASYNC POLL on crdb-01: jid=j146257604230.3049 started=1 finished=0
ASYNC POLL on crdb-01: jid=j146257604230.3049 started=1 finished=0
ASYNC POLL on crdb-01: jid=j146257604230.3049 started=1 finished=0
ASYNC POLL on crdb-01: jid=j146257604230.3049 started=1 finished=0
ASYNC POLL on crdb-01: jid=j146257604230.3049 started=1 finished=0
ASYNC POLL on crdb-01: jid=j146257604230.3049 started=1 finished=0
ASYNC POLL on crdb-01: jid=j146257604230.3049 started=1 finished=0
ASYNC POLL on crdb-01: jid=j146257604230.3049 started=1 finished=0
ASYNC POLL on crdb-01: jid=j146257604230.3049 started=1 finished=0
ASYNC POLL on crdb-01: jid=j146257604230.3049 started=1 finished=0
ASYNC POLL on crdb-01: jid=j146257604230.3049 started=1 finished=0
ASYNC POLL on crdb-01: jid=j146257604230.3049 started=1 finished=0
ASYNC POLL on crdb-01: jid=j146257604230.3049 started=1 finished=0
ASYNC POLL on crdb-01: jid=j146257604230.3049 started=1 finished=0
ASYNC POLL on crdb-01: jid=j146257604230.3049 started=1 finished=0
ASYNC POLL on crdb-01: jid=j146257604230.3049 started=1 finished=0
ASYNC POLL on crdb-01: jid=j146257604230.3049 started=1 finished=0
ASYNC POLL on crdb-01: jid=j146257604230.3049 started=1 finished=0
ASYNC POLL on crdb-01: jid=j146257604230.3049 started=1 finished=0
ASYNC POLL on crdb-01: jid=j146257604230.3049 started=1 finished=0
ASYNC POLL on crdb-01: jid=j146257604230.3049 started=1 finished=0
ASYNC POLL on crdb-01: jid=j146257604230.3049 started=1 finished=0
ASYNC POLL on crdb-01: jid=j146257604230.3049 started=1 finished=0
ASYNC POLL on crdb-01: jid=j146257604230.3049 started=1 finished=0
ASYNC POLL on crdb-01: jid=j146257604230.3049 started=1 finished=0
ASYNC POLL on crdb-01: jid=j146257604230.3049 started=1 finished=0
ASYNC POLL on crdb-01: jid=j146257604230.3049 started=1 finished=0
ASYNC POLL on crdb-01: jid=j146257604230.3049 started=1 finished=0
ASYNC OK on crdb-01: jid=j146257604230.3049
changed: [crdb-01]

TASK [Print IMPORT result] *************************************************************************************************************************************************************************************************************************************************************
ok: [crdb-01] => {
    "msg": [
        "job_id\tstatus\tfraction_completed\trows\tindex_entries\tbytes\tinspect_job_id",
        "1205665092918378497\tsucceeded\t1\t40000000\t0\t5736889104\tNULL",
        "CRDB import time: 608 seconds"
    ]
}

TASK [Create indexes] ******************************************************************************************************************************************************************************************************************************************************************
ASYNC POLL on crdb-01: jid=j193220210906.3605 started=1 finished=0
ASYNC POLL on crdb-01: jid=j193220210906.3605 started=1 finished=0
ASYNC POLL on crdb-01: jid=j193220210906.3605 started=1 finished=0
ASYNC POLL on crdb-01: jid=j193220210906.3605 started=1 finished=0
ASYNC POLL on crdb-01: jid=j193220210906.3605 started=1 finished=0
ASYNC POLL on crdb-01: jid=j193220210906.3605 started=1 finished=0
ASYNC POLL on crdb-01: jid=j193220210906.3605 started=1 finished=0
ASYNC POLL on crdb-01: jid=j193220210906.3605 started=1 finished=0
ASYNC POLL on crdb-01: jid=j193220210906.3605 started=1 finished=0
ASYNC POLL on crdb-01: jid=j193220210906.3605 started=1 finished=0
ASYNC POLL on crdb-01: jid=j193220210906.3605 started=1 finished=0
ASYNC POLL on crdb-01: jid=j193220210906.3605 started=1 finished=0
ASYNC POLL on crdb-01: jid=j193220210906.3605 started=1 finished=0
ASYNC POLL on crdb-01: jid=j193220210906.3605 started=1 finished=0
ASYNC POLL on crdb-01: jid=j193220210906.3605 started=1 finished=0
ASYNC POLL on crdb-01: jid=j193220210906.3605 started=1 finished=0
ASYNC POLL on crdb-01: jid=j193220210906.3605 started=1 finished=0
ASYNC POLL on crdb-01: jid=j193220210906.3605 started=1 finished=0
ASYNC POLL on crdb-01: jid=j193220210906.3605 started=1 finished=0
ASYNC POLL on crdb-01: jid=j193220210906.3605 started=1 finished=0
ASYNC POLL on crdb-01: jid=j193220210906.3605 started=1 finished=0
ASYNC POLL on crdb-01: jid=j193220210906.3605 started=1 finished=0
ASYNC POLL on crdb-01: jid=j193220210906.3605 started=1 finished=0
ASYNC POLL on crdb-01: jid=j193220210906.3605 started=1 finished=0
ASYNC POLL on crdb-01: jid=j193220210906.3605 started=1 finished=0
ASYNC POLL on crdb-01: jid=j193220210906.3605 started=1 finished=0
ASYNC POLL on crdb-01: jid=j193220210906.3605 started=1 finished=0
ASYNC POLL on crdb-01: jid=j193220210906.3605 started=1 finished=0
ASYNC POLL on crdb-01: jid=j193220210906.3605 started=1 finished=0
ASYNC POLL on crdb-01: jid=j193220210906.3605 started=1 finished=0
ASYNC POLL on crdb-01: jid=j193220210906.3605 started=1 finished=0
ASYNC POLL on crdb-01: jid=j193220210906.3605 started=1 finished=0
ASYNC POLL on crdb-01: jid=j193220210906.3605 started=1 finished=0
ASYNC POLL on crdb-01: jid=j193220210906.3605 started=1 finished=0
ASYNC POLL on crdb-01: jid=j193220210906.3605 started=1 finished=0
ASYNC POLL on crdb-01: jid=j193220210906.3605 started=1 finished=0
ASYNC POLL on crdb-01: jid=j193220210906.3605 started=1 finished=0
ASYNC POLL on crdb-01: jid=j193220210906.3605 started=1 finished=0
ASYNC POLL on crdb-01: jid=j193220210906.3605 started=1 finished=0
ASYNC POLL on crdb-01: jid=j193220210906.3605 started=1 finished=0
ASYNC POLL on crdb-01: jid=j193220210906.3605 started=1 finished=0
ASYNC POLL on crdb-01: jid=j193220210906.3605 started=1 finished=0
ASYNC POLL on crdb-01: jid=j193220210906.3605 started=1 finished=0
ASYNC POLL on crdb-01: jid=j193220210906.3605 started=1 finished=0
ASYNC POLL on crdb-01: jid=j193220210906.3605 started=1 finished=0
ASYNC POLL on crdb-01: jid=j193220210906.3605 started=1 finished=0
ASYNC POLL on crdb-01: jid=j193220210906.3605 started=1 finished=0
ASYNC POLL on crdb-01: jid=j193220210906.3605 started=1 finished=0
ASYNC POLL on crdb-01: jid=j193220210906.3605 started=1 finished=0
ASYNC POLL on crdb-01: jid=j193220210906.3605 started=1 finished=0
ASYNC POLL on crdb-01: jid=j193220210906.3605 started=1 finished=0
ASYNC POLL on crdb-01: jid=j193220210906.3605 started=1 finished=0
ASYNC POLL on crdb-01: jid=j193220210906.3605 started=1 finished=0
ASYNC POLL on crdb-01: jid=j193220210906.3605 started=1 finished=0
ASYNC POLL on crdb-01: jid=j193220210906.3605 started=1 finished=0
ASYNC POLL on crdb-01: jid=j193220210906.3605 started=1 finished=0
ASYNC POLL on crdb-01: jid=j193220210906.3605 started=1 finished=0
ASYNC POLL on crdb-01: jid=j193220210906.3605 started=1 finished=0
ASYNC POLL on crdb-01: jid=j193220210906.3605 started=1 finished=0
ASYNC POLL on crdb-01: jid=j193220210906.3605 started=1 finished=0
ASYNC POLL on crdb-01: jid=j193220210906.3605 started=1 finished=0
ASYNC POLL on crdb-01: jid=j193220210906.3605 started=1 finished=0
ASYNC POLL on crdb-01: jid=j193220210906.3605 started=1 finished=0
ASYNC POLL on crdb-01: jid=j193220210906.3605 started=1 finished=0
ASYNC POLL on crdb-01: jid=j193220210906.3605 started=1 finished=0
ASYNC POLL on crdb-01: jid=j193220210906.3605 started=1 finished=0
ASYNC POLL on crdb-01: jid=j193220210906.3605 started=1 finished=0
ASYNC POLL on crdb-01: jid=j193220210906.3605 started=1 finished=0
ASYNC POLL on crdb-01: jid=j193220210906.3605 started=1 finished=0
ASYNC POLL on crdb-01: jid=j193220210906.3605 started=1 finished=0
ASYNC POLL on crdb-01: jid=j193220210906.3605 started=1 finished=0
ASYNC POLL on crdb-01: jid=j193220210906.3605 started=1 finished=0
ASYNC POLL on crdb-01: jid=j193220210906.3605 started=1 finished=0
ASYNC POLL on crdb-01: jid=j193220210906.3605 started=1 finished=0
ASYNC POLL on crdb-01: jid=j193220210906.3605 started=1 finished=0
ASYNC POLL on crdb-01: jid=j193220210906.3605 started=1 finished=0
ASYNC POLL on crdb-01: jid=j193220210906.3605 started=1 finished=0
ASYNC POLL on crdb-01: jid=j193220210906.3605 started=1 finished=0
ASYNC POLL on crdb-01: jid=j193220210906.3605 started=1 finished=0
ASYNC POLL on crdb-01: jid=j193220210906.3605 started=1 finished=0
ASYNC POLL on crdb-01: jid=j193220210906.3605 started=1 finished=0
ASYNC POLL on crdb-01: jid=j193220210906.3605 started=1 finished=0
ASYNC POLL on crdb-01: jid=j193220210906.3605 started=1 finished=0
ASYNC POLL on crdb-01: jid=j193220210906.3605 started=1 finished=0
ASYNC POLL on crdb-01: jid=j193220210906.3605 started=1 finished=0
ASYNC OK on crdb-01: jid=j193220210906.3605
changed: [crdb-01]

TASK [Row count on CRDB] ***************************************************************************************************************************************************************************************************************************************************************
ok: [crdb-01]

TASK [Print CRDB count] ****************************************************************************************************************************************************************************************************************************************************************
ok: [crdb-01] => {
    "msg": [
        "count",
        "40000000"
    ]
}

TASK [Remove CSV on pg-source (free disk)] *********************************************************************************************************************************************************************************************************************************************
changed: [crdb-01 -> pg-source(84.201.135.237)]

PLAY [9. CRDB: benchmark] **************************************************************************************************************************************************************************************************************************************************************

TASK [Gathering Facts] *****************************************************************************************************************************************************************************************************************************************************************
ok: [crdb-01]

TASK [Create results dir] **************************************************************************************************************************************************************************************************************************************************************
changed: [crdb-01]

TASK [Q1 - random row] *****************************************************************************************************************************************************************************************************************************************************************
ok: [crdb-01]

TASK [Q2 - week range] *****************************************************************************************************************************************************************************************************************************************************************
ok: [crdb-01]

TASK [Q3 - count(*)] *******************************************************************************************************************************************************************************************************************************************************************
ok: [crdb-01]

PLAY [10. CRDB: amendments] ************************************************************************************************************************************************************************************************************************************************************

TASK [Gathering Facts] *****************************************************************************************************************************************************************************************************************************************************************
ok: [crdb-01]

TASK [Localities nodes] ****************************************************************************************************************************************************************************************************************************************************************
ok: [crdb-01]

TASK [Print localities] ****************************************************************************************************************************************************************************************************************************************************************
ok: [crdb-01] => {
    "msg": [
        "SET",
        "node_id\tlocality",
        "1\tregion=us-east",
        "2\tregion=us-central",
        "3\tregion=eu-moscow"
    ]
}

TASK [Lease distribution] **************************************************************************************************************************************************************************************************************************************************************
ok: [crdb-01]

TASK [Print lease distribution] ********************************************************************************************************************************************************************************************************************************************************
ok: [crdb-01] => {
    "msg": [
        "SET",
        "lease_holder\tranges",
        "1\t37",
        "2\t25",
        "3\t27"
    ]
}

TASK [Consistency - write on node1] ****************************************************************************************************************************************************************************************************************************************************
ok: [crdb-01]

TASK [Read from all 3 nodes] ***********************************************************************************************************************************************************************************************************************************************************
ok: [crdb-01] => (item=crdb-01)
ok: [crdb-01] => (item=crdb-02)
ok: [crdb-01] => (item=crdb-03)

TASK [Print reads] *********************************************************************************************************************************************************************************************************************************************************************
ok: [crdb-01] => {
    "msg": [
        [
            "id\tval",
            "1\tmulti-master-ok"
        ],
        [
            "id\tval",
            "1\tmulti-master-ok"
        ],
        [
            "id\tval",
            "1\tmulti-master-ok"
        ]
    ]
}

TASK [Query via NLB (single entry point)] **********************************************************************************************************************************************************************************************************************************************
ok: [crdb-01]

TASK [Print NLB result] ****************************************************************************************************************************************************************************************************************************************************************
ok: [crdb-01] => {
    "msg": [
        "count",
        "40000000"
    ]
}

PLAY [11a. record BEFORE] **************************************************************************************************************************************************************************************************************************************************************

TASK [Gathering Facts] *****************************************************************************************************************************************************************************************************************************************************************
ok: [crdb-01]

TASK [Write BEFORE row] ****************************************************************************************************************************************************************************************************************************************************************
ok: [crdb-01]

PLAY [11b. kill crdb-02] ***************************************************************************************************************************************************************************************************************************************************************

TASK [Gathering Facts] *****************************************************************************************************************************************************************************************************************************************************************
ok: [crdb-02]

TASK [Stop CockroachDB] ****************************************************************************************************************************************************************************************************************************************************************
changed: [crdb-02]

PLAY [11c. cluster is alive without a node] ********************************************************************************************************************************************************************************************************************************************

TASK [Gathering Facts] *****************************************************************************************************************************************************************************************************************************************************************
ok: [crdb-01]

TASK [Pause for failure detection] *****************************************************************************************************************************************************************************************************************************************************
Pausing for 15 seconds
(ctrl+C then 'C' = continue early, ctrl+C then 'A' = abort)
ok: [crdb-01]

TASK [Queries work during outage] ******************************************************************************************************************************************************************************************************************************************************
ok: [crdb-01]

TASK [Node status during outage] *******************************************************************************************************************************************************************************************************************************************************
ok: [crdb-01]

TASK [Print status during outage] ******************************************************************************************************************************************************************************************************************************************************
ok: [crdb-01] => {
    "msg": [
        "id\taddress\tsql_address\tbuild\tstarted_at\tupdated_at\tlocality\tattrs\tis_available\tis_live",
        "1\t10.1.0.25:26257\t10.1.0.25:26257\tv26.2.0\t2026-08-29 13:29:11.465793 +0000 UTC\t2026-08-29 13:56:23.576076 +0000 UTC\tregion=us-east\t[]\ttrue\ttrue",
        "2\t10.1.1.34:26257\t10.1.1.34:26257\tv26.2.0\t2026-08-29 13:29:11.895256 +0000 UTC\t2026-08-29 13:55:52.49705 +0000 UTC\tregion=us-central\t[]\tfalse\tfalse",
        "3\t10.1.2.27:26257\t10.1.2.27:26257\tv26.2.0\t2026-08-29 13:29:13.012664 +0000 UTC\t2026-08-29 13:56:22.166566 +0000 UTC\tregion=eu-moscow\t[]\ttrue\ttrue"
    ]
}

PLAY [11d. returns node] ***************************************************************************************************************************************************************************************************************************************************************

TASK [Gathering Facts] *****************************************************************************************************************************************************************************************************************************************************************
ok: [crdb-02]

TASK [Start CockroachDB] ***************************************************************************************************************************************************************************************************************************************************************
changed: [crdb-02]

PLAY [11e. final state] ****************************************************************************************************************************************************************************************************************************************************************

TASK [Gathering Facts] *****************************************************************************************************************************************************************************************************************************************************************
ok: [crdb-01]

TASK [Wait for 3 live nodes] ***********************************************************************************************************************************************************************************************************************************************************
FAILED - RETRYING: [crdb-01]: Wait for 3 live nodes (30 retries left).
ok: [crdb-01]

TASK [Read failover_test] **************************************************************************************************************************************************************************************************************************************************************
ok: [crdb-01]

TASK [Print failover rows] *************************************************************************************************************************************************************************************************************************************************************
ok: [crdb-01] => {
    "msg": [
        "id\twritten_by\tts",
        "1\tBEFORE-outage\t2026-08-29 13:55:45.293554+00",
        "2\tDURING-outage\t2026-08-29 13:56:23.334916+00"
    ]
}

TASK [Final node status] ***************************************************************************************************************************************************************************************************************************************************************
ok: [crdb-01]

TASK [Print final status] **************************************************************************************************************************************************************************************************************************************************************
ok: [crdb-01] => {
    "msg": [
        "id\taddress\tsql_address\tbuild\tstarted_at\tupdated_at\tlocality\tattrs\tis_available\tis_live",
        "1\t10.1.0.25:26257\t10.1.0.25:26257\tv26.2.0\t2026-08-29 13:29:11.465793 +0000 UTC\t2026-08-29 13:56:35.54643 +0000 UTC\tregion=us-east\t[]\ttrue\ttrue",
        "2\t10.1.1.34:26257\t10.1.1.34:26257\tv26.2.0\t2026-08-29 13:56:29.790921 +0000 UTC\t2026-08-29 13:56:35.854952 +0000 UTC\tregion=us-central\t[]\ttrue\ttrue",
        "3\t10.1.2.27:26257\t10.1.2.27:26257\tv26.2.0\t2026-08-29 13:29:13.012664 +0000 UTC\t2026-08-29 13:56:34.050006 +0000 UTC\tregion=eu-moscow\t[]\ttrue\ttrue"
    ]
}

PLAY [12. Collection of results] *******************************************************************************************************************************************************************************************************************************************************

TASK [Gathering Facts] *****************************************************************************************************************************************************************************************************************************************************************
ok: [pg-source]
ok: [crdb-01]

TASK [Tar results] *********************************************************************************************************************************************************************************************************************************************************************
changed: [pg-source]
changed: [crdb-01]

TASK [Fetch to localhost] **************************************************************************************************************************************************************************************************************************************************************
changed: [pg-source]
changed: [crdb-01]

PLAY RECAP *****************************************************************************************************************************************************************************************************************************************************************************
crdb-01                    : ok=59   changed=16   unreachable=0    failed=0    skipped=0    rescued=0    ignored=0
crdb-02                    : ok=16   changed=10   unreachable=0    failed=0    skipped=0    rescued=0    ignored=0
crdb-03                    : ok=12   changed=8    unreachable=0    failed=0    skipped=0    rescued=0    ignored=0
pg-source                  : ok=5    changed=2    unreachable=0    failed=0    skipped=0    rescued=0    ignored=0
